../Core/Src/main.c:139:6:HAL_UART_TxCpltCallback	16	static
../Core/Src/main.c:154:6:HAL_UART_RxCpltCallback	16	static
../Core/Src/main.c:181:5:main	24	static
../Core/Src/main.c:243:6:SystemClock_Config	88	static
../Core/Src/main.c:285:13:MX_USART2_UART_Init	8	static
../Core/Src/main.c:318:13:MX_USART6_UART_Init	8	static
../Core/Src/main.c:351:13:MX_GPIO_Init	48	static
../Core/Src/main.c:423:13:SystemConfigInit	4	static
../Core/Src/main.c:429:13:TCPContextInit	4	static
../Core/Src/main.c:439:17:CRC16privateFunction	536	static
../Core/Src/main.c:454:13:UpdateTCP	64	static
../Core/Src/main.c:634:13:WriteTCPDirectionalPin	16	static
../Core/Src/main.c:637:13:StateMachineRunning	16	static
../Core/Src/main.c:851:13:IOListInit	16	static
../Core/Src/main.c:863:13:ResetAllIO	16	static
../Core/Src/main.c:873:13:ModbusTransmitSwitchDevice	16	static
../Core/Src/main.c:988:13:WriteOutput	16	static
../Core/Src/main.c:993:13:ToggleOutput	16	static
../Core/Src/main.c:998:13:IOListUpdate	24	static
../Core/Src/main.c:1014:13:StateUpdate	8	static
../Core/Src/main.c:1051:6:Error_Handler	4	static,ignoring_inline_asm
