../Core/Src/main.c:139:6:HAL_UART_TxCpltCallback	16	static
../Core/Src/main.c:156:6:HAL_UART_RxCpltCallback	16	static
../Core/Src/main.c:183:5:main	24	static
../Core/Src/main.c:241:6:SystemClock_Config	88	static
../Core/Src/main.c:283:13:MX_USART2_UART_Init	8	static
../Core/Src/main.c:316:13:MX_USART6_UART_Init	8	static
../Core/Src/main.c:349:13:MX_GPIO_Init	48	static
../Core/Src/main.c:421:13:SystemConfigInit	4	static
../Core/Src/main.c:427:13:TCPContextInit	4	static
../Core/Src/main.c:437:17:CRC16privateFunction	536	static
../Core/Src/main.c:452:13:UpdateTCP	56	static
../Core/Src/main.c:589:13:WriteTCPDirectionalPin	16	static
../Core/Src/main.c:592:13:StateMachineRunning	16	static
../Core/Src/main.c:698:13:IOListInit	16	static
../Core/Src/main.c:710:13:ResetAllIO	16	static
../Core/Src/main.c:720:13:ModbusTransmitSwitchDevice	16	static
../Core/Src/main.c:803:13:WriteOutput	16	static
../Core/Src/main.c:808:13:ToggleOutput	16	static
../Core/Src/main.c:813:13:IOListUpdate	16	static
../Core/Src/main.c:823:13:StateUpdate	8	static
../Core/Src/main.c:856:6:Error_Handler	4	static,ignoring_inline_asm
